✔ real research inputs compile all manifest sources, keep 14 COM rows held and preserve the dated input (11694.63175ms)
ℹ {"canonical_rows":571,"COM_rows":14,"source_pins":71,"derived_records":908,"ready":0}
✔ a changed canonical source cannot be assigned the old immutable revision (990.883ms)
✔ private input sentinel is refused before writing and never echoed into diagnostics (1570.871416ms)
✔ private metadata remains in its owning source and cannot be copied through a full research packet (1690.636125ms)
✔ recompilation refuses to overwrite an existing cut or the historical input directory (610.822292ms)
✔ missing or locally changed pinned common parser stops compilation (693.922709ms)
✔ production parity refuses authority forgeries across every dispatching CLI verb (70097.869167ms)
✔ emit-plan reconstructs exact production graph without writing or overwriting any cut (6198.939583ms)
✔ committed owner qualification activates only its bounded leaf and keeps parent impacts open (16035.957417ms)
✔ missing or NOT_RUN scoped acceptance holds only the bounded owner packet (13979.615125ms)
✔ owner source refuses forged identity, done state, receipt, release authority and impact scope (4384.876292ms)
✔ derived owner packet, applicability or done mutations cannot bypass deterministic parity (14262.098875ms)
✔ changed impact or subject bytes and dirty owner source cannot retain old qualification authority (2210.1345ms)
✔ new blocking impact remains blocking without an exact owner applicability decision (8734.607ms)
✔ a pinned scoped receipt cannot substitute historical basis, foreign owner or current scope (3217.486416ms)
✔ complete packet preserves program constraints and exact leaf context (93.791208ms)
✔ omitted canonical work cannot pass the coverage gate (69.862375ms)
✔ changed source blocks a previously complete packet (68.8485ms)
✔ every context source is pinned; an untargeted blocking finding is refused (69.224042ms)
✔ blocking finding stops only its affected task until explicitly resolved (57.890791ms)
✔ cycles, missing payloads and unknown dependencies are refused (106.795708ms)
✔ unknown impact targets, path escape and empty cold context are refused (78.202375ms)
✔ external owner and human gate do not become runnable with a delivered message (78.52475ms)
✔ canonical priority precedes computed downstream count; dependency requires done proof (124.462584ms)
✔ a missing or changed completion receipt fails validation (222.441041ms)
✔ a new blocking impact invalidates completed prerequisite satisfaction (88.842291ms)
✔ write scope cannot escape the repo directly or through a linked parent (114.729083ms)
✔ a broad unreviewed parent cannot be promoted to candidate by dropping dependencies (99.446917ms)
✔ a newly declared canonical source cannot hide outside the general-plan lanes (79.025417ms)
✔ source pins cannot substitute a different or forged immutable commit (63.9195ms)
✔ identical IDs in different canonical files retain both owner identities (131.987667ms)
✔ held canonical source references cannot become executable by removing dependencies (64.001917ms)
✔ one current pointer selects only a report path and explicit selection stays reproducible (50.03525ms)
✔ privacy diagnostics redact matching source paths without echoing a private literal (0.328083ms)
ℹ tests 34
ℹ suites 0
ℹ pass 34
ℹ fail 0
ℹ cancelled 0
ℹ skipped 0
ℹ todo 0
ℹ duration_ms 156473.176833
