✔ a visible window: the prompt has a parent, Deny is the default, Allow is decided (23.467167ms)
✔ closing the prompt is a Deny (22.478ms)
✔ Allow for a product not yet connected also starts its connect flow (22.249458ms)
✔ in the background: a notification, no prompt, until it is clicked (44.764708ms)
✔ one prompt at a time, in order; a request answered elsewhere or expired is skipped (42.15875ms)
✔ UX-3: a window that is open but not focused gets a notification, and the prompt appears when the window comes forward (43.326958ms)
✔ UX-5: an Allow whose product could not be opened is followed by a message saying so — the Allow stands (44.815709ms)
✔ UX-11: an answer that was not recorded is a warning, phrased from its code (43.855041ms)
✔ UX-2: the native prompt speaks the operator's language (22.581791ms)
✔ UX-3: requests queued while Fabric was in the background are shown when its window gets focus again (40.76575ms)
✔ DA-5 every queue/standing-denial duplicate refusal leaves a bounded operation receipt (4.093542ms)
✔ ER-3 restarting the hub recognizes a valid credential before any successful authentication (0.518209ms)
✔ ER-2: only the asker that CREATED a request holds its poll secret; an identical ask gets no handle to its status or credential (3.554417ms)
✔ ER-2: the poll secret is stored only as its hash, in the request event (0.210333ms)
✔ DA-8: an allowed first request keeps listing the grants it gave after an incremental Allow re-grants one of them (0.403291ms)
✔ ER-12: an Allow whose credential was never collected within the claim window is not listed as an agent with access (0.356125ms)
✔ operator acts answer with a code the window can phrase, and an English reason for the log (0.447333ms)
✔ an incremental request whose asking credential was revoked is refused in plain words, with its code (0.306875ms)
✔ DA-3: revoking a binding tells the agent.call memory, after the revocation is recorded (0.238375ms)
✔ ER-5: a remembered idempotency key is not replayed once the grant is revoked (2.512625ms)
✔ ER-5: a remembered idempotency key is not replayed once the product is disconnected (0.288583ms)
✔ ER-5: while the grant and the connection hold, the same key still replays and sends nothing (0.304667ms)
✔ ER-11: an input nested past 16 levels is invalid-arguments before anything is hashed, with its span (0.361584ms)
✔ ER-11: a throw inside the hop is a failed span and a fixed sentence; the cause is not handed to the agent (0.170083ms)
✔ ER-13: an agent that has already hung up reads no key and sends nothing; the span says cancelled (0.163042ms)
✔ ER-13: the caller's signal reaches the forward, so hanging up mid-call aborts it (101.961792ms)
✔ ER-11: a throw inside an access tool gives the agent a fixed sentence, never the exception text (8.964958ms)
✔ ER-1: a call cancelled after it reached the product is never sent again with the same key (50.629042ms)
✔ ER-1: a forward that timed out after it reached the product is outcome-unknown at once, and the same key stays refused (52.084667ms)
✔ ER-1: a forward that provably sent nothing is said as such, and the same key may try again (104.699584ms)
✔ ER-1: no text tells an agent to retry a call that may have run (3.091ms)
✔ ER-11: a product error is a fixed sentence to the agent; neither the client id nor the product text reaches it (0.157709ms)
✔ DA-3: answers are remembered under a byte bound; a call too large to keep is still never sent twice (442.731125ms)
✔ DA-3: a revoked binding's memory is released, and memory past its 24 hours is swept for every binding (0.270583ms)
✔ vault: put sends the value on stdin only; a second put rotates; read brings it back through a pipe, never an argv (431.538125ms)
✔ vault: a value that resolves outside the vault is refused, and so is a missing one (308.188167ms)
✔ vault: without Project Observatory the answer is a refusal with that reason (2.131667ms)
✔ connect: the link is exactly what Fabric Inbox parses, and the state is single-use (331.055917ms)
✔ connect: denied and failed are recorded; a browser, a wrong state, an expired state and a non-https server are refused (8.276625ms)
✔ a closed hub (no published door token) opens neither the callback nor any external door (1.18525ms)
✔ connect: without the vault the callback answers 503, so the product revokes the key (3.732375ms)
✔ agent.call forwards inside the grant: three headers, narrowed to the granted mailboxes, a child span, the interop envelope (24.551125ms)
✔ agent.call outside the grant is access-required with the request arguments, and nothing is sent (0.950625ms)
✔ a call with no mailbox argument is narrowed at the product to the granted ones (6.291791ms)
✔ a workspace setup runs without the narrowing header only when its own grant names it (7.449958ms)
✔ not connected: product-not-connected, nothing read from the vault (0.329416ms)
✔ idempotencyKey: a retry returns the first answer and sends nothing; the same key for another call is refused (4.3685ms)
✔ a product that refuses Fabric's key is said as product-refused, and the secret is in no message (1.467042ms)
✔ a product that redirects ANY request — the SDK's GET stream included — is refused, and the other origin never sees the key (205.469042ms)
✔ the deadline holds for the whole exchange: a product that never answers is unreachable within the timeout (402.750333ms)
✔ ER-1: a product that runs the tool but answers after the deadline: the forward says the call reached it, and the hub never sends that key again (1006.346375ms)
✔ ER-11: a product error that echoes its headers: neither the secret nor the client id is in the message (5.555792ms)
✔ a narrowing entry carrying a separator or a line break is refused before anything is sent (0.298792ms)
✔ a vault that cannot hand over the key: the agent hears a plain sentence, never the vault's own output (0.262541ms)
✔ connect: a callback whose body does not arrive in time is answered 408, and the hub is not held open (306.045833ms)
✔ finding 4: create_address forwards only the address's own fields; forwardTo needs its own grant for that address; anything else is refused (6.735083ms)
✔ finding 5: a refusal made before forwarding is not remembered — Allow, then the same idempotencyKey reaches the product (5.041125ms)
✔ finding 5: the idempotency memory is per binding — one binding cannot evict another's answers (40.375417ms)
✔ connect: a failed record answers non-2xx after the secret went to a slot of its own — the live connection's slot is untouched (2.385292ms)
✔ connect: a secret the vault would not keep is never recorded, so no client id is left beside another key's secret (1.14325ms)
✔ connect: a product already connected is reconnected only when the operator chose Reconnect (0.303916ms)
✔ ER-6: a vault slower than the product's deadline is answered non-2xx and NOTHING is recorded — Fabric is never "connected" to a key the product revoked (1057.206042ms)
✔ ER-6: a record that lands after the deadline is withdrawn; a Reconnect says the previous connection is gone (955.861084ms)
✔ UX-6 / DO-7: a late record that could not be withdrawn has its own code and carries no English instruction (955.566417ms)
✔ ER-6: the secret is stored first, in a slot of its own, and only then recorded — a failed record leaves the live connection's slot untouched (1.524333ms)
✔ ER-6: a vault that would not keep the secret answers 503 and records nothing (0.879667ms)
✔ DA-6: two estates on one Mac each keep their own secret — connecting in one never overwrites the other's (1.572916ms)
✔ DA-7: the product's own Deny and failure are journalled as product.connect.refused@1 (1.609125ms)
✔ UX-6: "waiting" ends with the connect state — after 10 minutes with no answer the outcome is failed, no-answer (0.263542ms)
✔ UX-7: a connect that cannot start says why as a code, naming nothing by its id (0.156042ms)
✔ V2 ER-2: simultaneous begin calls open one consent, including while its callback is storing (7.246958ms)
✔ V2 ER-2: a connection appearing during vault write is never superseded by first-use consent (0.800792ms)
✔ V2 ER-2: reconnect names the exact connection approved, not a later replacement (0.686292ms)
✔ V2 ER-2: disconnect during reconnect refuses with changed-state copy, never claims it is connected (0.635417ms)
✔ V2 ER-2: successful reconnect journals its approved predecessor id (0.632125ms)
✔ V2 ER-9: content type settles a single waiting attempt immediately (1.004666ms)
✔ V2 ER-9: malformed JSON settles a single waiting attempt immediately (1.0395ms)
✔ V2 ER-9: JSON array settles a single waiting attempt immediately (1.19625ms)
✔ V2 ER-9: a valid state with an unknown outcome fails immediately (0.634042ms)
✔ vault: six slow reads at once leave an unrelated file read fast (no FIFO open on the thread pool) (3500.013917ms)
✔ vault: a run that exits 0 without handing the key over is a refusal, not a call that never ends (361.299167ms)
✔ vault: the read asks the vault only — `run` carries --vault-only (371.614208ms)
✔ V2 ER-4: vault reads have bounded process concurrency and resolve the launcher once (1578.089583ms)
✔ V2 ER-4: a cancelled vault read leaves its queue without spawning (896.571959ms)
✔ ER-6: a narrowed call to a Fabric Inbox server older than 0.9.0 is refused before anything runs; a workspace setup is not narrowed and still goes (15.719334ms)
ℹ tests 85
ℹ suites 0
ℹ pass 85
ℹ fail 0
ℹ cancelled 0
ℹ skipped 0
ℹ todo 0
ℹ duration_ms 15109.394208
