{"case":"concurrent","pendingReads":2,"unansweredSheets":2}
✖ independent: simultaneous requests never open overlapping consent sheets (2.658708ms)
{"case":"expiry-during-read","unansweredSheets":1}
✖ independent: a request expiring while pending-read waits is not prompted (0.591875ms)
{"case":"focus-lost-during-read","unansweredSheets":1}
✖ independent: focus lost during pending-read does not open background sheet (0.410709ms)
ℹ tests 3
ℹ suites 0
ℹ pass 0
ℹ fail 3
ℹ cancelled 0
ℹ skipped 0
ℹ todo 0
ℹ duration_ms 80.24

✖ failing tests:

test at docs/reports/2026-10-04-hub-i3-ux/raw/presenter-independent.test.mjs:9:1
✖ independent: simultaneous requests never open overlapping consent sheets (2.658708ms)
  AssertionError [ERR_ASSERTION]: Expected values to be strictly equal:
  
  2 !== 1
  
      at TestContext.<anonymous> (file:///Users/sshlg/DATA/_worktrees/fabric-hub-i3-ux-20261004/docs/reports/2026-10-04-hub-i3-ux/raw/presenter-independent.test.mjs:9:382)
      at async Test.run (node:internal/test_runner/test:1409:7)
      at async startSubtestAfterBootstrap (node:internal/test_runner/harness:387:3) {
    generatedMessage: true,
    code: 'ERR_ASSERTION',
    actual: 2,
    expected: 1,
    operator: 'strictEqual',
    diff: 'simple'
  }

test at docs/reports/2026-10-04-hub-i3-ux/raw/presenter-independent.test.mjs:10:1
✖ independent: a request expiring while pending-read waits is not prompted (0.591875ms)
  AssertionError [ERR_ASSERTION]: Expected values to be strictly equal:
  
  1 !== 0
  
      at TestContext.<anonymous> (file:///Users/sshlg/DATA/_worktrees/fabric-hub-i3-ux-20261004/docs/reports/2026-10-04-hub-i3-ux/raw/presenter-independent.test.mjs:10:320)
      at async Test.run (node:internal/test_runner/test:1409:7)
      at async Test.processPendingSubtests (node:internal/test_runner/test:974:7) {
    generatedMessage: true,
    code: 'ERR_ASSERTION',
    actual: 1,
    expected: 0,
    operator: 'strictEqual',
    diff: 'simple'
  }

test at docs/reports/2026-10-04-hub-i3-ux/raw/presenter-independent.test.mjs:11:1
✖ independent: focus lost during pending-read does not open background sheet (0.410709ms)
  AssertionError [ERR_ASSERTION]: Expected values to be strictly equal:
  
  1 !== 0
  
      at TestContext.<anonymous> (file:///Users/sshlg/DATA/_worktrees/fabric-hub-i3-ux-20261004/docs/reports/2026-10-04-hub-i3-ux/raw/presenter-independent.test.mjs:11:328)
      at async Test.run (node:internal/test_runner/test:1409:7)
      at async Test.processPendingSubtests (node:internal/test_runner/test:974:7) {
    generatedMessage: true,
    code: 'ERR_ASSERTION',
    actual: 1,
    expected: 0,
    operator: 'strictEqual',
    diff: 'simple'
  }
