Rejected compiler source: 537ca82d90e7bb814a907209cb303bbed8633e1e
Compiler sha256: 86c7e346971fd59f4e20d2d870a994d6e11bd0442970e59555677be76aeff6b3
Command: node --test --test-name-pattern="existing directory scope cannot hide" scripts/test/build-unified-plan.test.mjs
Observed assertion exit: 1; fixture compiler returned 0.

✖ existing directory scope cannot hide a changed descendant from basis byte contracts (1961.351333ms)
ℹ tests 1
ℹ suites 0
ℹ pass 0
ℹ fail 1
ℹ cancelled 0
ℹ skipped 0
ℹ todo 0
ℹ duration_ms 2022.514

✖ failing tests:

test at scripts/test/build-unified-plan.test.mjs:193:1
✖ existing directory scope cannot hide a changed descendant from basis byte contracts (1961.351333ms)
  AssertionError [ERR_ASSERTION]: changed committed directory child must not become runnable
      at file://<owning-checkout>/scripts/test/build-unified-plan.test.mjs:197:35
      at fixture (file://<owning-checkout>/scripts/test/build-unified-plan.test.mjs:46:7)
      at TestContext.<anonymous> (file://<owning-checkout>/scripts/test/build-unified-plan.test.mjs:193:96)
      at Test.runInAsyncScope (node:async_hooks:214:14)
      at Test.run (node:internal/test_runner/test:1106:25)
      at Test.start (node:internal/test_runner/test:1003:17)
      at startSubtestAfterBootstrap (node:internal/test_runner/harness:358:17) {
    generatedMessage: false,
    code: 'ERR_ASSERTION',
    actual: 0,
    expected: 0,
    operator: 'notStrictEqual',
    diff: 'simple'
  }
