✔ real research inputs compile all manifest sources, keep 14 COM rows held and preserve the dated input (8414.75775ms)
ℹ {"canonical_rows":571,"COM_rows":14,"source_pins":71,"derived_records":908,"ready":0}
✔ a changed canonical source cannot be assigned the old immutable revision (750.940083ms)
✔ private input sentinel is refused before writing and never echoed into diagnostics (1256.347166ms)
✔ private metadata remains in its owning source and cannot be copied through a full research packet (1343.555375ms)
✔ recompilation refuses to overwrite an existing cut or the historical input directory (410.628375ms)
✔ missing or locally changed pinned common parser stops compilation (431.659375ms)
✔ production parity refuses authority forgeries across every dispatching CLI verb (47920.55175ms)
✔ emit-plan reconstructs exact production graph without writing or overwriting any cut (4733.364833ms)
✔ committed owner qualification activates only its bounded leaf and keeps parent impacts open (7380.076875ms)
✔ existing directory scope cannot hide a changed descendant from basis byte contracts (1172.35775ms)
✔ complete immutable existing directory inventory qualifies only with every descendant byte contract (12119.510416ms)
✔ directory inventory rejects deleted added untracked hidden linked nonregular and excessive descendants (12931.237792ms)
✔ new outputs require explicit absent nonoverlapping source-safe paths (9766.113875ms)
✔ missing or NOT_RUN scoped acceptance holds only the bounded owner packet (10774.289334ms)
✔ owner source refuses forged identity, done state, receipt, release authority and impact scope (3633.139709ms)
✔ derived owner packet, applicability or done mutations cannot bypass deterministic parity (14679.316125ms)
✔ changed impact or subject bytes and dirty owner source cannot retain old qualification authority (2093.668667ms)
✔ new blocking impact remains blocking without an exact owner applicability decision (7799.314042ms)
✔ a pinned scoped receipt cannot substitute historical basis, foreign owner or current scope (4153.496708ms)
✔ complete packet preserves program constraints and exact leaf context (77.195125ms)
✔ omitted canonical work cannot pass the coverage gate (61.679ms)
✔ changed source blocks a previously complete packet (72.939333ms)
✔ every context source is pinned; an untargeted blocking finding is refused (63.212375ms)
✔ blocking finding stops only its affected task until explicitly resolved (80.93675ms)
✔ cycles, missing payloads and unknown dependencies are refused (118.558ms)
✔ unknown impact targets, path escape and empty cold context are refused (97.578125ms)
✔ external owner and human gate do not become runnable with a delivered message (57.893917ms)
✔ canonical priority precedes computed downstream count; dependency requires done proof (76.606417ms)
✔ a missing or changed completion receipt fails validation (178.649916ms)
✔ a new blocking impact invalidates completed prerequisite satisfaction (82.877083ms)
✔ write scope cannot escape the repo directly or through a linked parent (101.427458ms)
✔ a broad unreviewed parent cannot be promoted to candidate by dropping dependencies (97.859417ms)
✔ a newly declared canonical source cannot hide outside the general-plan lanes (97.093458ms)
✔ source pins cannot substitute a different or forged immutable commit (72.646875ms)
✔ identical IDs in different canonical files retain both owner identities (182.598ms)
✔ held canonical source references cannot become executable by removing dependencies (59.067334ms)
✔ one current pointer selects only a report path and explicit selection stays reproducible (49.584417ms)
✔ privacy diagnostics redact matching source paths without echoing a private literal (0.3555ms)
ℹ tests 38
ℹ suites 0
ℹ pass 38
ℹ fail 0
ℹ cancelled 0
ℹ skipped 0
ℹ todo 0
ℹ duration_ms 151828.892125
