✖ DA-3: aggregate cached bytes stay bounded without erasing effect keys (126.720667ms)
ℹ tests 1
ℹ suites 0
ℹ pass 0
ℹ fail 1
ℹ cancelled 0
ℹ skipped 0
ℹ todo 0
ℹ duration_ms 249.370916

✖ failing tests:

test at apps/desktop/test/hub-call.test.mjs:278:1
✖ DA-3: aggregate cached bytes stay bounded without erasing effect keys (126.720667ms)
  AssertionError [ERR_ASSERTION]: fixture never exercised the total cache limit
      at TestContext.<anonymous> (file:///Users/sshlg/DATA/_worktrees/fabric-hub-i3-fixes-20261004/apps/desktop/test/hub-call.test.mjs:282:10)
      at async Test.run (node:internal/test_runner/test:1409:7)
      at async startSubtestAfterBootstrap (node:internal/test_runner/harness:387:3) {
    generatedMessage: false,
    code: 'ERR_ASSERTION',
    actual: false,
    expected: true,
    operator: '==',
    diff: 'simple'
  }
