✖ I3: incomplete body expires, closes and releases its admission slot (1510.825084ms)
ℹ tests 1
ℹ suites 0
ℹ pass 0
ℹ fail 1
ℹ cancelled 0
ℹ skipped 0
ℹ todo 0
ℹ duration_ms 1513.522417

✖ failing tests:

test at apps/desktop/test/hub-surface.test.mjs:63:1
✖ I3: incomplete body expires, closes and releases its admission slot (1510.825084ms)
  AssertionError [ERR_ASSERTION]: Expected values to be strictly equal:
  
  'HUNG' !== 408
  
      at TestContext.<anonymous> (file:///Users/sshlg/DATA/_worktrees/fabric-hub-i3-fixes-20261004/apps/desktop/test/hub-surface.test.mjs:68:10)
      at async Test.run (node:internal/test_runner/test:1409:7)
      at async startSubtestAfterBootstrap (node:internal/test_runner/harness:387:3) {
    generatedMessage: true,
    code: 'ERR_ASSERTION',
    actual: 'HUNG',
    expected: 408,
    operator: 'strictEqual',
    diff: 'simple'
  }
