✔ a visible window: the prompt has a parent, Deny is the default, Allow is decided (22.520125ms)
✔ closing the prompt is a Deny (22.33825ms)
✔ Allow for a product not yet connected also starts its connect flow (21.062666ms)
✔ in the background: a notification, no prompt, until it is clicked (44.667584ms)
✔ one prompt at a time, in order; a request answered elsewhere or expired is skipped (43.227667ms)
✔ UX-3: a window that is open but not focused gets a notification, and the prompt appears when the window comes forward (42.945625ms)
✔ UX-5: an Allow whose product could not be opened is followed by a message saying so — the Allow stands (44.733375ms)
✔ UX-11: an answer that was not recorded is a warning, phrased from its code (44.079ms)
✔ UX-2: the native prompt speaks the operator's language (20.556167ms)
✔ UX-3: requests queued while Fabric was in the background are shown when its window gets focus again (43.056792ms)
✔ I3: pending reads are single-flight before any sheet is opened (43.0515ms)
✔ I3: focus lost while pending read waits keeps the request queued until resume (42.705667ms)
✔ I3: a request expiring during a pending read never opens a sheet (22.324833ms)
ℹ tests 13
ℹ suites 0
ℹ pass 13
ℹ fail 0
ℹ cancelled 0
ℹ skipped 0
ℹ todo 0
ℹ duration_ms 460.853416
