✔ a visible window: the prompt has a parent, Deny is the default, Allow is decided (23.007959ms)
✔ closing the prompt is a Deny (20.822375ms)
✔ Allow for a product not yet connected also starts its connect flow (20.948916ms)
✔ in the background: a notification, no prompt, until it is clicked (43.849542ms)
✔ one prompt at a time, in order; a request answered elsewhere or expired is skipped (43.136917ms)
✔ UX-3: a window that is open but not focused gets a notification, and the prompt appears when the window comes forward (43.609959ms)
✔ UX-5: an Allow whose product could not be opened is followed by a message saying so — the Allow stands (42.682917ms)
✔ UX-11: an answer that was not recorded is a warning, phrased from its code (40.745292ms)
✔ UX-2: the native prompt speaks the operator's language (22.478542ms)
✔ UX-3: requests queued while Fabric was in the background are shown when its window gets focus again (43.726917ms)
✔ I3: pending reads are single-flight before any sheet is opened (41.03925ms)
✖ I3: focus lost while pending read waits keeps the request queued until resume (21.594ms)
✔ I3: a request expiring during a pending read never opens a sheet (21.073708ms)
ℹ tests 13
ℹ suites 0
ℹ pass 12
ℹ fail 1
ℹ cancelled 0
ℹ skipped 0
ℹ todo 0
ℹ duration_ms 432.176416

✖ failing tests:

test at apps/desktop/test/consent-presenter.test.mjs:155:1
✖ I3: focus lost while pending read waits keeps the request queued until resume (21.594ms)
  AssertionError [ERR_ASSERTION]: Expected values to be strictly equal:
  
  1 !== 0
  
      at TestContext.<anonymous> (file:///Users/sshlg/DATA/_worktrees/fabric-hub-i3-fixes-20261004/apps/desktop/test/consent-presenter.test.mjs:164:10)
      at async Test.run (node:internal/test_runner/test:1409:7)
      at async Test.processPendingSubtests (node:internal/test_runner/test:974:7) {
    generatedMessage: true,
    code: 'ERR_ASSERTION',
    actual: 1,
    expected: 0,
    operator: 'strictEqual',
    diff: 'simple'
  }
