✔ a visible window: the prompt has a parent, Deny is the default, Allow is decided (22.201125ms)
✔ closing the prompt is a Deny (22.264416ms)
✔ Allow for a product not yet connected also starts its connect flow (20.720333ms)
✔ in the background: a notification, no prompt, until it is clicked (42.437083ms)
✔ one prompt at a time, in order; a request answered elsewhere or expired is skipped (44.66975ms)
✔ UX-3: a window that is open but not focused gets a notification, and the prompt appears when the window comes forward (43.1665ms)
✔ UX-5: an Allow whose product could not be opened is followed by a message saying so — the Allow stands (44.691708ms)
✔ UX-11: an answer that was not recorded is a warning, phrased from its code (43.035583ms)
✔ UX-2: the native prompt speaks the operator's language (21.30975ms)
✔ UX-3: requests queued while Fabric was in the background are shown when its window gets focus again (42.135958ms)
✔ I3: pending reads are single-flight before any sheet is opened (45.0825ms)
✔ I3: focus lost while pending read waits keeps the request queued until resume (43.361291ms)
✔ I3: a request expiring during a pending read never opens a sheet (22.365917ms)
ℹ tests 13
ℹ suites 0
ℹ pass 13
ℹ fail 0
ℹ cancelled 0
ℹ skipped 0
ℹ todo 0
ℹ duration_ms 461.82775
