✖ validated declared reports may follow the verified source; undeclared, altered and executable paths refuse (1.445834ms)
ℹ tests 1
ℹ suites 0
ℹ pass 0
ℹ fail 1
ℹ cancelled 0
ℹ skipped 0
ℹ todo 0
ℹ duration_ms 43.568375

✖ failing tests:

test at scripts/test/release-gate.test.mjs:52:1
✖ validated declared reports may follow the verified source; undeclared, altered and executable paths refuse (1.445834ms)
  AssertionError [ERR_ASSERTION]: Expected values to be strictly equal:
  + actual - expected
  
  + 'unverified changes follow the verified commit: docs/reports/review-1-ux/README.md'
  - null
  
      at TestContext.<anonymous> (file:///Users/sshlg/DATA/_worktrees/fabric-hub-i3-fixes-20261004/scripts/test/release-gate.test.mjs:56:10)
      at Test.runInAsyncScope (node:async_hooks:226:14)
      at Test.run (node:internal/test_runner/test:1402:25)
      at Test.start (node:internal/test_runner/test:1262:17)
      at startSubtestAfterBootstrap (node:internal/test_runner/harness:387:17) {
    generatedMessage: true,
    code: 'ERR_ASSERTION',
    actual: 'unverified changes follow the verified commit: docs/reports/review-1-ux/README.md',
    expected: null,
    operator: 'strictEqual',
    diff: 'simple'
  }
