vite v8.2.2 building ssr environment for production...
transforming...
✓ 218 modules transformed.
rendering chunks...
out/main/index.js  1,921.09 kB

✓ built in 507ms
vite v8.2.2 building ssr environment for production...
transforming...
✓ 3 modules transformed.
rendering chunks...
out/preload/index.cjs  17.34 kB

✓ built in 27ms
vite v8.2.2 building client environment for production...
transforming...
✓ 1397 modules transformed.
rendering chunks...
out/renderer/index.html                                                      0.39 kB
out/renderer/assets/jetbrains-mono-greek-400-normal-C190GLew.woff2           4.22 kB
out/renderer/assets/inter-tight-vietnamese-400-normal-CqzIqjuX.woff2         4.94 kB
out/renderer/assets/inter-vietnamese-400-normal-DMkecbls.woff2               4.97 kB
out/renderer/assets/inter-tight-vietnamese-600-normal-FGgebaLI.woff2         5.06 kB
out/renderer/assets/inter-vietnamese-600-normal-Cc8MFFhd.woff2               5.10 kB
out/renderer/assets/inter-vietnamese-500-normal-DOriooB6.woff2               5.11 kB
out/renderer/assets/inter-tight-vietnamese-700-normal-Cn_DV52A.woff2         5.15 kB
out/renderer/assets/inter-greek-ext-400-normal-DGGRlc-M.woff2                5.26 kB
out/renderer/assets/jetbrains-mono-cyrillic-400-normal-BEIGL1Tu.woff2        5.32 kB
out/renderer/assets/inter-tight-greek-ext-400-normal-C3GMUg_S.woff2          5.33 kB
out/renderer/assets/jetbrains-mono-vietnamese-400-normal-CqNFfHCs.woff       5.37 kB
out/renderer/assets/inter-greek-ext-500-normal-C4iEst2y.woff2                5.42 kB
out/renderer/assets/inter-greek-ext-600-normal-DRtmH8MT.woff2                5.43 kB
out/renderer/assets/inter-tight-greek-ext-700-normal-D0RkHJEE.woff2          5.48 kB
out/renderer/assets/inter-tight-greek-ext-600-normal-CiDI6ET5.woff2          5.50 kB
out/renderer/assets/jetbrains-mono-greek-400-normal-B9oWc5Lo.woff            5.66 kB
out/renderer/assets/inter-vietnamese-400-normal-Bbgyi5SW.woff                6.50 kB
out/renderer/assets/inter-tight-vietnamese-400-normal-kSDs3Vd1.woff          6.57 kB
out/renderer/assets/inter-vietnamese-500-normal-mJboJaSs.woff                6.59 kB
out/renderer/assets/inter-vietnamese-600-normal-BuLX-rYi.woff                6.64 kB
out/renderer/assets/inter-tight-vietnamese-600-normal-BCXZ1BbA.woff          6.73 kB
out/renderer/assets/inter-tight-vietnamese-700-normal-DwHBAXeT.woff          6.76 kB
out/renderer/assets/inter-tight-cyrillic-400-normal-G7BuwYWK.woff2           6.78 kB
out/renderer/assets/jetbrains-mono-cyrillic-400-normal-ugxPyKxw.woff         6.97 kB
out/renderer/assets/inter-tight-cyrillic-600-normal-BERwQ0yl.woff2           6.98 kB
out/renderer/assets/inter-tight-cyrillic-700-normal-DtWWjp29.woff2           6.99 kB
out/renderer/assets/inter-greek-ext-400-normal-KugGGMne.woff                 7.06 kB
out/renderer/assets/inter-tight-greek-ext-400-normal-DMqR5RoS.woff           7.09 kB
out/renderer/assets/inter-greek-ext-500-normal-2j5mBUwD.woff                 7.19 kB
out/renderer/assets/inter-greek-ext-600-normal-B8X0CLgF.woff                 7.21 kB
out/renderer/assets/inter-tight-greek-ext-600-normal-5gKW7MDU.woff           7.29 kB
out/renderer/assets/inter-tight-greek-ext-700-normal-mW3dmpoD.woff           7.29 kB
out/renderer/assets/jetbrains-mono-latin-ext-400-normal-Bc8Ftmh3.woff2       7.33 kB
out/renderer/assets/inter-cyrillic-400-normal-obahsSVq.woff2                 7.71 kB
out/renderer/assets/inter-greek-400-normal-B4URO6DV.woff2                    7.77 kB
out/renderer/assets/inter-cyrillic-500-normal-BasfLYem.woff2                 7.90 kB
out/renderer/assets/inter-greek-500-normal-BIZE56-Y.woff2                    7.92 kB
out/renderer/assets/inter-greek-600-normal-plRanbMR.woff2                    7.94 kB
out/renderer/assets/inter-cyrillic-600-normal-CWCymEST.woff2                 7.97 kB
out/renderer/assets/inter-tight-cyrillic-400-normal-DPRou3KO.woff            8.66 kB
out/renderer/assets/inter-tight-greek-400-normal-Br_GQm5W.woff2              8.68 kB
out/renderer/assets/inter-tight-cyrillic-600-normal-BeTasGgk.woff            8.90 kB
out/renderer/assets/inter-tight-greek-700-normal-RgALSHS4.woff2              8.92 kB
out/renderer/assets/inter-tight-cyrillic-700-normal-DDZiLR3d.woff            8.94 kB
out/renderer/assets/inter-tight-greek-600-normal-BIqmcc-q.woff2              8.98 kB
out/renderer/assets/inter-cyrillic-400-normal-HOLc17fK.woff                  9.78 kB
out/renderer/assets/inter-greek-400-normal-q2sYcFCs.woff                     9.92 kB
out/renderer/assets/inter-cyrillic-600-normal-4D_pXhcN.woff                  9.93 kB
out/renderer/assets/inter-cyrillic-500-normal-CxZf_p3X.woff                  9.94 kB
out/renderer/assets/inter-greek-500-normal-Xzm54t5V.woff                     9.98 kB
out/renderer/assets/inter-greek-600-normal-BZpKdvQh.woff                    10.03 kB
out/renderer/assets/jetbrains-mono-latin-ext-400-normal-fXTG6kC5.woff       10.12 kB
out/renderer/assets/inter-tight-cyrillic-ext-400-normal-CKO3cWyd.woff2      10.14 kB
out/renderer/assets/inter-cyrillic-ext-400-normal-BQZuk6qB.woff2            10.23 kB
out/renderer/assets/inter-cyrillic-ext-500-normal-B0yAr1jD.woff2            10.43 kB
out/renderer/assets/inter-cyrillic-ext-600-normal-Dfes3d0z.woff2            10.48 kB
out/renderer/assets/inter-tight-cyrillic-ext-600-normal-B4SKDMEv.woff2      10.48 kB
out/renderer/assets/inter-tight-cyrillic-ext-700-normal-D_7NT8eF.woff2      10.50 kB
out/renderer/assets/inter-tight-greek-400-normal-BLLSFQTx.woff              10.92 kB
out/renderer/assets/inter-tight-greek-600-normal-67HAlfW-.woff              11.17 kB
out/renderer/assets/inter-tight-greek-700-normal-DU8XoIeX.woff              11.21 kB
out/renderer/assets/inter-cyrillic-ext-400-normal-DQukG94-.woff             13.33 kB
out/renderer/assets/inter-cyrillic-ext-500-normal-BmqWE9Dz.woff             13.45 kB
out/renderer/assets/inter-cyrillic-ext-600-normal-Bcila6Z-.woff             13.46 kB
out/renderer/assets/inter-tight-cyrillic-ext-400-normal-DiHHcP5k.woff       13.53 kB
out/renderer/assets/inter-tight-cyrillic-ext-600-normal-_3ga77Eo.woff       13.84 kB
out/renderer/assets/inter-tight-cyrillic-ext-700-normal-BFcoPt71.woff       13.86 kB
out/renderer/assets/jetbrains-mono-latin-400-normal-V6pRDFza.woff2          21.16 kB
out/renderer/assets/inter-tight-latin-400-normal-iW8qmuJY.woff2             22.01 kB
out/renderer/assets/inter-tight-latin-600-normal-BgSTtRxb.woff2             22.66 kB
out/renderer/assets/inter-tight-latin-700-normal-BZKd_v_8.woff2             22.74 kB
out/renderer/assets/inter-latin-400-normal-C38fXH4l.woff2                   23.66 kB
out/renderer/assets/inter-latin-500-normal-Cerq10X2.woff2                   24.27 kB
out/renderer/assets/inter-latin-600-normal-LgqL8muc.woff2                   24.45 kB
out/renderer/assets/jetbrains-mono-latin-400-normal-6-qcROiO.woff           27.49 kB
out/renderer/assets/inter-tight-latin-400-normal-BLrFJfvD.woff              28.24 kB
out/renderer/assets/inter-tight-latin-600-normal-D7bG6gX1.woff              29.05 kB
out/renderer/assets/inter-tight-latin-700-normal-DvYAVZQd.woff              29.05 kB
out/renderer/assets/inter-latin-400-normal-CyCys3Eg.woff                    30.69 kB
out/renderer/assets/inter-latin-600-normal-CiBQ2DWP.woff                    31.26 kB
out/renderer/assets/inter-latin-500-normal-BL9OpVg8.woff                    31.28 kB
out/renderer/assets/inter-latin-ext-400-normal-C1nco2VV.woff2               35.00 kB
out/renderer/assets/inter-latin-ext-500-normal-CV4jyFjo.woff2               36.02 kB
out/renderer/assets/inter-tight-latin-ext-400-normal-DN7wyBvd.woff2         36.22 kB
out/renderer/assets/inter-latin-ext-600-normal-D2bJ5OIk.woff2               36.26 kB
out/renderer/assets/inter-tight-latin-ext-600-normal-BgMgWFts.woff2         37.90 kB
out/renderer/assets/inter-tight-latin-ext-700-normal-BpKPOkj3.woff2         37.90 kB
out/renderer/assets/inter-latin-ext-400-normal-77YHD8bZ.woff                47.56 kB
out/renderer/assets/inter-latin-ext-500-normal-BxGbmqWO.woff                48.49 kB
out/renderer/assets/inter-latin-ext-600-normal-CIVaiw4L.woff                48.66 kB
out/renderer/assets/inter-tight-latin-ext-400-normal-BQQeeQrv.woff          49.18 kB
out/renderer/assets/inter-tight-latin-ext-700-normal-CrlzIQ10.woff          51.14 kB
out/renderer/assets/inter-tight-latin-ext-600-normal-BvYdOF2O.woff          51.18 kB
out/renderer/assets/codicon-Brq4_Ui5.ttf                                   140.95 kB
out/renderer/assets/editor.worker-CP-S5XGI.js                              598.61 kB
out/renderer/assets/json.worker-DD6ZNZUJ.js                                879.85 kB
out/renderer/assets/html.worker-DgJ5TxGy.js                              1,237.88 kB
out/renderer/assets/css.worker-CC220zwp.js                               1,735.79 kB
out/renderer/assets/ts.worker-wLmCf_T6.js                               11,614.14 kB
out/renderer/assets/index-CmGTiTGi.css                                     379.23 kB
out/renderer/assets/azcli-OWoMz6pf.js                                        1.15 kB
out/renderer/assets/javascript-KZvKuEMg.js                                   1.23 kB
out/renderer/assets/ini-O0iMO2E_.js                                          1.50 kB
out/renderer/assets/csp-OcppkCQO.js                                          1.59 kB
out/renderer/assets/workers-CJGtmglP.js                                      2.06 kB
out/renderer/assets/pla-epXWjKTu.js                                          2.36 kB
out/renderer/assets/sb-A94d5qbD.js                                           2.40 kB
out/renderer/assets/bat-BrvgTph4.js                                          2.42 kB
out/renderer/assets/scheme-azrZCYTr.js                                       2.44 kB
out/renderer/assets/flow9-CevxZBIb.js                                        2.48 kB
out/renderer/assets/xml-V4EdVhJJ.js                                          2.70 kB
out/renderer/assets/dockerfile-BxXfaJLA.js                                   2.77 kB
out/renderer/assets/pascaligo-BV2OJ1w0.js                                    2.78 kB
out/renderer/assets/lua-BegAFDOR.js                                          2.94 kB
out/renderer/assets/graphql-24NQdas_.js                                      2.98 kB
out/renderer/assets/cameligo-CMwkz-_Z.js                                     3.07 kB
out/renderer/assets/lexon-DjsTDrmL.js                                        3.25 kB
out/renderer/assets/objective-c-BjhSOa51.js                                  3.29 kB
out/renderer/assets/sparql-D2-F75Lw.js                                       3.42 kB
out/renderer/assets/mips-NsNJS_0q.js                                         3.43 kB
out/renderer/assets/go-Bsnaeuph.js                                           3.65 kB
out/renderer/assets/sophia-p3jgI1Ih.js                                       3.66 kB
out/renderer/assets/bicep-Cb5vRZbd.js                                        3.70 kB
out/renderer/assets/m3-D5_x-Fu_.js                                           3.87 kB
out/renderer/assets/fsharp-Bc3KchDO.js                                       3.96 kB
out/renderer/assets/pascal-l_H6f-9d.js                                       4.06 kB
out/renderer/assets/typespec-Dq2DkLPH.js                                     4.11 kB
out/renderer/assets/shell-fgR78uhs.js                                        4.19 kB
out/renderer/assets/r-CBVD1B0M.js                                            4.20 kB
out/renderer/assets/java-Dc0kGNE-.js                                         4.28 kB
out/renderer/assets/qsharp-KLp0d305.js                                       4.37 kB
out/renderer/assets/powershell-B7CGQnf8.js                                   4.46 kB
out/renderer/assets/hcl-eG8ZLf4e.js                                          4.51 kB
out/renderer/assets/kotlin-BdVvu-i1.js                                       4.57 kB
out/renderer/assets/cypher-D7A4zzdT.js                                       4.59 kB
out/renderer/assets/redis-DSt9OkVO.js                                        4.67 kB
out/renderer/assets/yaml-DccrWSLx.js                                         4.68 kB
out/renderer/assets/liquid-B1LzTneG.js                                       4.73 kB
out/renderer/assets/tcl-ClDs2k3O.js                                          4.79 kB
out/renderer/assets/coffee-DV8CqtpZ.js                                       4.98 kB
out/renderer/assets/less-B723b9Sl.js                                         5.02 kB
out/renderer/assets/markdown-CsUHK5QZ.js                                     5.08 kB
out/renderer/assets/restructuredtext-Dut_NvsH.js                             5.25 kB
out/renderer/assets/cssMode-DiTwNrsN.js                                      5.33 kB
out/renderer/assets/apex-B73sB9yr.js                                         5.36 kB
out/renderer/assets/python-Dfaf_VDb.js                                       5.42 kB
out/renderer/assets/rust-CZ1g9XZq.js                                         5.58 kB
out/renderer/assets/dart-DEyacwTW.js                                         5.58 kB
out/renderer/assets/css-BDZA4Cep.js                                          5.87 kB
out/renderer/assets/mdx-BswN-_Ji.js                                          6.12 kB
out/renderer/assets/csharp-BoyHRVni.js                                       6.16 kB
out/renderer/assets/htmlMode-D9aNdusI.js                                     6.24 kB
out/renderer/assets/html-CeNIzcXf.js                                         6.27 kB
out/renderer/assets/msdax-BQa6PQ31.js                                        6.35 kB
out/renderer/assets/swift-UQb_OWZO.js                                        6.57 kB
out/renderer/assets/typescript-Bc2y1qPZ.js                                   6.64 kB
out/renderer/assets/pug-Yf9aeUcl.js                                          6.72 kB
out/renderer/assets/cpp-0bpq_BWS.js                                          6.98 kB
out/renderer/assets/ecl-BA2BbBTe.js                                          7.11 kB
out/renderer/assets/vb-lJu07xlU.js                                           7.48 kB
out/renderer/assets/twig-C2ohrRAv.js                                         8.04 kB
out/renderer/assets/wgsl-BBeQqeSE.js                                         8.33 kB
out/renderer/assets/handlebars-DxTQNriN.js                                   8.41 kB
out/renderer/assets/scss-CpkSkbm7.js                                         8.43 kB
out/renderer/assets/julia-DhwQaS0X.js                                        9.79 kB
out/renderer/assets/systemverilog-DyH0YzXo.js                                9.90 kB
out/renderer/assets/st-pnMOgnfK.js                                           9.91 kB
out/renderer/assets/scala-Coqmq8Kx.js                                       10.00 kB
out/renderer/assets/php-CN042iF1.js                                         10.48 kB
out/renderer/assets/postiats-E-jxE5zs.js                                    10.82 kB
out/renderer/assets/perl-Y4au35NR.js                                        10.91 kB
out/renderer/assets/razor-ZFU2k-2V.js                                       11.19 kB
out/renderer/assets/ruby-cP3T-74x.js                                        11.31 kB
out/renderer/assets/clojure-OJYPnbtv.js                                     12.18 kB
out/renderer/assets/protobuf-bBH04v6w.js                                    12.31 kB
out/renderer/assets/elixir-CKSE09Ls.js                                      12.70 kB
out/renderer/assets/sql-C-i-GuJ_.js                                         13.11 kB
out/renderer/assets/mysql-BjogjGbd.js                                       14.23 kB
out/renderer/assets/redshift-ELc1sCBu.js                                    14.50 kB
out/renderer/assets/pgsql-C_1uyKAL.js                                       16.28 kB
out/renderer/assets/abap-DxucN5nl.js                                        18.24 kB
out/renderer/assets/powerquery-B1MECSpp.js                                  19.94 kB
out/renderer/assets/freemarker2-DwJ8h789.js                                 21.34 kB
out/renderer/assets/solidity-GQnH0h2t.js                                    22.98 kB
out/renderer/assets/jsonMode-C7uum5Lu.js                                    26.35 kB
out/renderer/assets/tsMode-CWkUvkk3.js                                      36.16 kB
out/renderer/assets/lspLanguageFeatures-DB6C7InI.js                         74.88 kB
out/renderer/assets/index-CzKkYZa-.js                                    8,881.59 kB

✓ built in 3.88s
$ electron-vite build
[33m[PLUGIN_TIMINGS] [0mYour build spent 77% of 3.9s inside plugin hooks (3.0s).
Not measurable — 3 hooks whose calls overlap, so elapsed time covers work other calls were doing. Profile with `node --cpu-prof`:
  - vite:css transform (114 calls)
  - vite:worker load (5 calls)
  - vite:worker-import-meta-url transform (4 calls)
See https://rolldown.rs/reference/InputOptions.checks#plugintimings for more details.
