Captured exit: 1
Original bytes SHA256: e982dec006d81a122f43d843afa20ecc85bb07ae50f4dbf8c01211746bc78d04
Sanitization: owned review path and Node executable replaced; assertions unchanged.
PASS full migration chain applied, schema_version 78
PASS 19 helpers and 2 tables unreachable by every role; 4 command(s) reachable by service_role only
PASS 7 companion vectors: byte-identical canonical strings and digests in SQL
PASS 4 ordinary archives and the original-bytes case accepted by SQL
PASS 13 ordinary-journal refusals, each one fixed code from ARCHIVE_REASON_CODES, no body or digest in the message
PASS budget parity with the codec: depth 32 passes, 33 refuses; keys are not nodes
node:internal/modules/run_main:107
    triggerUncaughtException(
    ^

AssertionError [ERR_ASSERTION]: companion unqualified later source schema: "accepted" is not in ARCHIVE_REASON_CODES
    at refuses (file://<owned-review-worktree>/apps/desktop/test/ceo-private-archive-db.test.mjs:92:10)
    at file://<owned-review-worktree>/apps/desktop/test/ceo-private-archive-db.test.mjs:131:1
    at ModuleJob.run (node:internal/modules/esm/module_job:569:25)
    at async node:internal/modules/esm/loader:650:26
    at async asyncRunEntryPointWithESMLoader (node:internal/modules/run_main:101:5) {
  generatedMessage: false,
  code: 'ERR_ASSERTION',
  actual: false,
  expected: true,
  operator: '==',
  diff: 'simple'
}

Node.js v26.8.2
PASS cleanup: owned PostgreSQL stopped; socket and data directory removed
node:internal/errors:999
  const err = new Error(message);
              ^

Error: Command failed: <node26.8.2> --experimental-strip-types <owned-review-worktree>/apps/desktop/test/ceo-private-archive-db.test.mjs
    at genericNodeError (node:internal/errors:999:15)
    at wrappedFn (node:internal/errors:544:14)
    at checkExecSyncError (node:child_process:942:11)
    at execFileSync (node:child_process:978:15)
    at file://<owned-review-worktree>/apps/desktop/test/run-ceo-private-archive-db.mjs:33:5
    at ModuleJob.run (node:internal/modules/esm/module_job:569:25)
    at async node:internal/modules/esm/loader:650:26
    at async asyncRunEntryPointWithESMLoader (node:internal/modules/run_main:101:5) {
  status: 1,
  signal: null,
  output: [ null, null, null ],
  pid: 42743,
  stdout: null,
  stderr: null
}

Node.js v26.8.2
