✔ vault: put sends the value on stdin only; a second put rotates; read brings it back through a pipe, never an argv (445.713084ms)
✔ vault: a value that resolves outside the vault is refused, and so is a missing one (326.697125ms)
✔ vault: without Project Observatory the answer is a refusal with that reason (2.352625ms)
✔ connect: the link is exactly what Fabric Inbox parses, and the state is single-use (328.567417ms)
✔ connect: denied and failed are recorded; a browser, a wrong state, an expired state and a non-https server are refused (7.597958ms)
✔ a closed hub (no published door token) opens neither the callback nor any external door (1.41275ms)
✔ connect: without the vault the callback answers 503, so the product revokes the key (3.77475ms)
✔ agent.call forwards inside the grant: three headers, narrowed to the granted mailboxes, a child span, the interop envelope (30.464834ms)
✔ agent.call outside the grant is access-required with the request arguments, and nothing is sent (0.558625ms)
✔ a call with no mailbox argument is narrowed at the product to the granted ones (9.022791ms)
✔ a workspace setup runs without the narrowing header only when its own grant names it (5.9855ms)
✔ not connected: product-not-connected, nothing read from the vault (0.465333ms)
✔ idempotencyKey: a retry returns the first answer and sends nothing; the same key for another call is refused (5.658542ms)
✔ a product that refuses Fabric's key is said as product-refused, and the secret is in no message (2.031834ms)
✔ a product that redirects ANY request — the SDK's GET stream included — is refused, and the other origin never sees the key (204.749625ms)
✔ the deadline holds for the whole exchange: a product that never answers is unreachable within the timeout (403.137167ms)
✔ ER-1: a product that runs the tool but answers after the deadline: the forward says the call reached it, and the hub never sends that key again (1007.222875ms)
✔ ER-11: a product error that echoes its headers: neither the secret nor the client id is in the message (12.401292ms)
✔ a narrowing entry carrying a separator or a line break is refused before anything is sent (0.461958ms)
✔ a vault that cannot hand over the key: the agent hears a plain sentence, never the vault's own output (0.552292ms)
✔ connect: a callback whose body does not arrive in time is answered 408, and the hub is not held open (304.246209ms)
✔ finding 4: create_address forwards only the address's own fields; forwardTo needs its own grant for that address; anything else is refused (12.653917ms)
✔ finding 5: a refusal made before forwarding is not remembered — Allow, then the same idempotencyKey reaches the product (13.937917ms)
✔ finding 5: the idempotency memory is per binding — one binding cannot evict another's answers (11.972541ms)
✔ connect: a failed record answers non-2xx after the secret went to a slot of its own — the live connection's slot is untouched (7.727917ms)
✔ connect: a secret the vault would not keep is never recorded, so no client id is left beside another key's secret (2.81875ms)
✔ connect: a product already connected is reconnected only when the operator chose Reconnect (0.57925ms)
✔ ER-6: a vault slower than the product's deadline is answered non-2xx and NOTHING is recorded — Fabric is never "connected" to a key the product revoked (1055.69175ms)
✔ ER-6: a record that lands after the deadline is withdrawn; a Reconnect says the previous connection is gone (953.029708ms)
✔ UX-6 / DO-7: a late record that could not be withdrawn has its own code and carries no English instruction (955.22875ms)
✔ ER-6: the secret is stored first, in a slot of its own, and only then recorded — a failed record leaves the live connection's slot untouched (1.294917ms)
✔ ER-6: a vault that would not keep the secret answers 503 and records nothing (0.689917ms)
✔ DA-6: two estates on one Mac each keep their own secret — connecting in one never overwrites the other's (1.184083ms)
✔ DA-7: the product's own Deny and failure are journalled as product.connect.refused@1 (1.290125ms)
✔ UX-6: "waiting" ends with the connect state — after 10 minutes with no answer the outcome is failed, no-answer (0.204875ms)
✔ UX-7: a connect that cannot start says why as a code, naming nothing by its id (0.123791ms)
✔ V2 ER-2: simultaneous begin calls open one consent, including while its callback is storing (7.305916ms)
✔ V2 ER-2: a connection appearing during vault write is never superseded by first-use consent (1.342625ms)
✔ V2 ER-2: reconnect names the exact connection approved, not a later replacement (0.96075ms)
✔ V2 ER-2: disconnect during reconnect refuses with changed-state copy, never claims it is connected (0.866916ms)
✔ V2 ER-2: successful reconnect journals its approved predecessor id (0.6415ms)
✔ V2 ER-9: content type settles a single waiting attempt immediately (1.032875ms)
✔ V2 ER-9: malformed JSON settles a single waiting attempt immediately (1.432ms)
✔ V2 ER-9: JSON array settles a single waiting attempt immediately (1.826375ms)
✔ V2 ER-9: a valid state with an unknown outcome fails immediately (0.807792ms)
✔ vault: six slow reads at once leave an unrelated file read fast (no FIFO open on the thread pool) (3468.161209ms)
✔ vault: a run that exits 0 without handing the key over is a refusal, not a call that never ends (390.399625ms)
✔ vault: the read asks the vault only — `run` carries --vault-only (407.600458ms)
✔ V2 ER-4: vault reads have bounded process concurrency and resolve the launcher once (1569.918125ms)
✔ V2 ER-4: a cancelled vault read leaves its queue without spawning (826.088959ms)
✔ ER-6: a narrowed call to a Fabric Inbox server older than 0.9.0 is refused before anything runs; a workspace setup is not narrowed and still goes (38.479833ms)
ℹ tests 51
ℹ suites 0
ℹ pass 51
ℹ fail 0
ℹ cancelled 0
ℹ skipped 0
ℹ todo 0
ℹ duration_ms 12848.320166
