✖ DA-5 every queue/standing-denial duplicate refusal leaves a bounded operation receipt (12.18625ms)
ℹ tests 1
ℹ suites 0
ℹ pass 0
ℹ fail 1
ℹ cancelled 0
ℹ skipped 0
ℹ todo 0
ℹ duration_ms 66.933916

✖ failing tests:

test at apps/desktop/test/hub-access-refusals.test.mjs:8:1
✖ DA-5 every queue/standing-denial duplicate refusal leaves a bounded operation receipt (12.18625ms)
  AssertionError [ERR_ASSERTION]: Expected values to be strictly equal:
  + actual - expected
  
  + undefined
  - 'per-agent-cap'
  
      at TestContext.<anonymous> (file:///Users/sshlg/DATA/_worktrees/hub-v2-core-resume/apps/desktop/test/hub-access-refusals.test.mjs:16:11)
      at async Test.run (node:internal/test_runner/test:1409:7)
      at async startSubtestAfterBootstrap (node:internal/test_runner/harness:387:3) {
    generatedMessage: true,
    code: 'ERR_ASSERTION',
    actual: undefined,
    expected: 'per-agent-cap',
    operator: 'strictEqual',
    diff: 'simple'
  }
