✔ vault: put sends the value on stdin only; a second put rotates; read brings it back through a pipe, never an argv (2875.764459ms)
✔ vault: a value that resolves outside the vault is refused, and so is a missing one (2133.303791ms)
✔ vault: without Project Observatory the answer is a refusal with that reason (32.665083ms)
✔ connect: the link is exactly what Fabric Inbox parses, and the state is single-use (2365.926083ms)
✔ connect: denied and failed are recorded; a browser, a wrong state, an expired state and a non-https server are refused (428.84525ms)
✔ a closed hub (no published door token) opens neither the callback nor any external door (75.719833ms)
✔ connect: without the vault the callback answers 503, so the product revokes the key (279.88525ms)
✔ agent.call forwards inside the grant: three headers, narrowed to the granted mailboxes, a child span, the interop envelope (863.070584ms)
✔ agent.call outside the grant is access-required with the request arguments, and nothing is sent (1.699333ms)
✔ a call with no mailbox argument is narrowed at the product to the granted ones (42.5575ms)
✔ a workspace setup runs without the narrowing header only when its own grant names it (641.155041ms)
✔ not connected: product-not-connected, nothing read from the vault (0.829667ms)
✔ idempotencyKey: a retry returns the first answer and sends nothing; the same key for another call is refused (225.4795ms)
✔ a product that refuses Fabric's key is said as product-refused, and the secret is in no message (14.489208ms)
✔ a product that redirects ANY request — the SDK's GET stream included — is refused, and the other origin never sees the key (232.565708ms)
✔ the deadline holds for the whole exchange: a product that never answers is unreachable within the timeout (469.812959ms)
✔ a narrowing entry carrying a separator or a line break is refused before anything is sent (71.998792ms)
✔ a vault that cannot hand over the key: the agent hears a plain sentence, never the vault's own output (1.210042ms)
✔ connect: a callback whose body does not arrive in time is answered 408, and the hub is not held open (343.128875ms)
✔ finding 4: create_address forwards only the address's own fields; forwardTo needs its own grant for that address; anything else is refused (313.1115ms)
✔ finding 5: a refusal made before forwarding is not remembered — Allow, then the same idempotencyKey reaches the product (196.367334ms)
✔ finding 5: the idempotency memory is per binding — one binding cannot evict another's answers (2990.679875ms)
✔ connect: a failed record answers non-2xx after the secret went to a slot of its own — the live connection's slot is untouched (9.176708ms)
✔ connect: a secret the vault would not keep is never recorded, so no client id is left beside another key's secret (55.251542ms)
✔ connect: a product already connected is reconnected only when the operator chose Reconnect (0.632417ms)
✔ ER-6: a vault slower than the product's deadline is answered non-2xx and NOTHING is recorded — Fabric is never "connected" to a key the product revoked (1101.619958ms)
✔ ER-6: a record that lands after the deadline is withdrawn; a Reconnect says the previous connection is gone (955.740666ms)
✔ UX-6 / DO-7: a late record that could not be withdrawn has its own code and carries no English instruction (957.737ms)
✔ ER-6: the secret is stored first, in a slot of its own, and only then recorded — a failed record leaves the live connection's slot untouched (2.31725ms)
✔ ER-6: a vault that would not keep the secret answers 503 and records nothing (7.783875ms)
✔ DA-6: two estates on one Mac each keep their own secret — connecting in one never overwrites the other's (13.218291ms)
✔ DA-7: the product's own Deny and failure are journalled as product.connect.refused@1 (7.083667ms)
✔ UX-6: "waiting" ends with the connect state — after 10 minutes with no answer the outcome is failed, no-answer (0.634959ms)
✔ UX-7: a connect that cannot start says why as a code, naming nothing by its id (0.530125ms)
✔ V2 ER-2: simultaneous begin calls open one consent, including while its callback is storing (20.414458ms)
✔ V2 ER-2: a connection appearing during vault write is never superseded by first-use consent (2.742625ms)
✔ V2 ER-2: reconnect names the exact connection approved, not a later replacement (2.362083ms)
✔ V2 ER-2: successful reconnect journals its approved predecessor id (4.637583ms)
✔ V2 ER-9: content type settles a single waiting attempt immediately (4.074042ms)
✔ V2 ER-9: malformed JSON settles a single waiting attempt immediately (195.721041ms)
✔ V2 ER-9: JSON array settles a single waiting attempt immediately (4.091458ms)
✔ V2 ER-9: a valid state with an unknown outcome fails immediately (1.757291ms)
✔ vault: six slow reads at once leave an unrelated file read fast (no FIFO open on the thread pool) (3556.85625ms)
✔ vault: a run that exits 0 without handing the key over is a refusal, not a call that never ends (2428.742459ms)
✔ vault: the read asks the vault only — `run` carries --vault-only (2250.633875ms)
ℹ tests 45
ℹ suites 0
ℹ pass 45
ℹ fail 0
ℹ cancelled 0
ℹ skipped 0
ℹ todo 0
ℹ duration_ms 26209.52575
