
 RUN  v4.1.11 <worktree>/apps/desktop

 ❯ src/renderer/src/launch/ObligationActs.test.tsx (8 tests | 1 failed | 7 skipped) 4357ms
   × V2 UX-7: deciding keeps the queue button focusable and blocks duplicate submissions 4350ms
 ❯ src/renderer/src/AgentAccessPanel.test.tsx (26 tests | 1 failed | 25 skipped) 15812ms
   × V2 UX-5: a thrown act keeps raw machine diagnostics outside the Russian sentence 15793ms

⎯⎯⎯⎯⎯⎯⎯ Failed Tests 2 ⎯⎯⎯⎯⎯⎯⎯

 FAIL  src/renderer/src/AgentAccessPanel.test.tsx > V2 UX-5: a thrown act keeps raw machine diagnostics outside the Russian sentence
AssertionError: the given combination of arguments (undefined and string) is invalid for this assertion. You can use an array, a map, an object, a set, a string, or a weakset instead of a string

Ignored nodes: comments, script, style
[36m<html>[39m
  [36m<head />[39m
  [36m<body>[39m
    [36m<div>[39m
      [36m<aside[39m
        [33maria-label[39m=[32m"Доступ агентов"[39m
        [33mclass[39m=[32m"ceo-panel"[39m
      [36m>[39m
        [36m<section[39m
          [33mclass[39m=[32m"panel"[39m
        [36m>[39m
          [36m<header[39m
            [33mclass[39m=[32m"panel-head"[39m
          [36m>[39m
            [36m<h2[39m
              [33mclass[39m=[32m"panel-title"[39m
            [36m>[39m
              [0mДоступ агентов[0m
            [36m</h2>[39m
            [36m<div[39m
              [33mclass[39m=[32m"toolbar toolbar-end"[39m
            [36m>[39m
              [36m<button[39m
                [33mclass[39m=[32m"btn btn-ghost"[39m
                [33mtype[39m=[32m"button"[39m
              [36m>[39m
                [0mЗакрыть[0m
              [36m</button>[39m
            [36m</div>[39m
          [36m</header>[39m
          [36m<p[39m
            [33mclass[39m=[32m"muted"[39m
          [36m>[39m
            [0mАгенты, зарегистрированные на этом Mac, могут попросить доступ к подключённому продукту через Fabric. Вы решаете один раз на запрос; Fabric сверяет каждый вызов с тем, что вы разрешили, а ключ продукта хранит в хранилище Project Observatory.[0m
          [36m</p>[39m
          [36m<div[39m
            [33mclass[39m=[32m"banner banner-warn"[39m
            [33mrole[39m=[32m"alert"[39m
          [36m>[39m
            [36m<span>[39m
              [36m<span>[39m
                [0mНе сделано: socket ECONNREFUSED[0m
              [36m</span>[39m
            [36m</span>[39m
          [36m</div>[39m
          [36m<p[39m
            [33mclass[39m=[32m"muted"[39m
          [36m>[39m
            [0mАгенты обращаются к Fabric по адресу http://127.0.0.1:47070.[0m
          [36m</p>[39m
          [36m<h3[39m
            [33mclass[39m=[32m"task-history-head"[39m
            [33mtabindex[39m=[32m"-1"[39m
          [36m>[39m
            [0mПродукты[0m
          [36m</h3>[39m
          [36m<div[39m
            [33mclass[39m=[32m"access-card"[39m
            [33mdata-product[39m=[32m"fabric-inbox"[39m
          [36m>[39m
            [36m<p>[39m
              [36m<strong>[39m
                [0mFabric Inbox[0m
              [36m</strong>[39m
              [0m [0m
              [36m<span[39m
                [33mclass[39m=[32m"muted"[39m
              [36m>[39m
                [0mне подключён[0m
              [36m</span>[39m
            [36m</p>[39m
            [36m<div[39m
              [33mclass[39m=[32m"access-acts"[39m
            [36m>[39m
              [36m<div[39m
                [33mclass[39m=[32m"toolbar"[39m
              [36m>[39m
                [36m<button[39m
                  [33mclass[39m=[32m"btn"[39m
                  [33mtype[39m=[32m"button"[39m
                [36m>[39m
                  [0mПодключить[0m
                [36m</button>[39m
              [36m</div>[39m
            [36m</div>[39m
          [36m</div>[39m
          [36m<h3[39m
            [33mclass[39m=[32m"task-history-head"[39m
            [33mtabindex[39m=[32m"-1"[39m
          [36m>[39m
            [0mЖдут вашего ответа[0m
          [36m</h3>[39m
          [36m<p[39m
            [33mclass[39m=[32m"empty"[39m
          [36m>[39m
            [0mНи один агент не ждёт ответа.[0m
          [36m</p>[39m
          [36m<h3[39m
            [33mclass[39m=[32m"task-history-head"[39m
            [33mtabindex[39m=[32m"-1"[39m
          [36m>[39m
            [0mАгенты с доступом[0m
          [36m</h3>[39m
          [36m<p[39m
            [33mclass[39m=[32m"empty"[39m
          [36m>[39m
            [0mНи у одного агента нет доступа через Fabric.[0m
          [36m</p>[39m
          [36m<h3[39m
            [33mclass[39m=[32m"task-history-head"[39m
            [33mtabindex[39m=[32m"-1"[39m
          [36m>[39m
            [0mОтклонённые запросы[0m
          [36m</h3>[39m
          [36m<p[39m
            [33mclass[39m=[32m"empty"[39m
          [36m>[39m
            [0mОтклонённых запросов нет.[0m
          [36m</p>[39m
        [36m</section>[39m
      [36m</aside>[39m
    [36m</div>[39m
  [36m</body>[39m
[36m</html>[39m
 ❯ src/renderer/src/AgentAccessPanel.test.tsx:311:103
    309|    show('ru')
    310|    fireEvent.click(await screen.findByRole('button', { name: ru['acces…
    311|    await waitFor(() => expect(screen.getByRole('alert').querySelector(…
       |                                                                                                       ^
    312|    const alert = screen.getByRole('alert')
    313|    expect(alert.querySelector('span')?.textContent).not.toContain('ECO…
 ❯ runWithExpensiveErrorDiagnosticsDisabled ../../node_modules/.pnpm/@testing-library+dom@10.4.1/node_modules/@testing-library/dom/dist/config.js:47:12
 ❯ checkCallback ../../node_modules/.pnpm/@testing-library+dom@10.4.1/node_modules/@testing-library/dom/dist/wait-for.js:124:77
 ❯ Timeout.checkRealTimersCallback ../../node_modules/.pnpm/@testing-library+dom@10.4.1/node_modules/@testing-library/dom/dist/wait-for.js:118:16

⎯⎯⎯⎯⎯⎯⎯⎯⎯⎯⎯⎯⎯⎯⎯⎯⎯⎯⎯⎯⎯⎯⎯⎯[1/2]⎯

 FAIL  src/renderer/src/launch/ObligationActs.test.tsx > V2 UX-7: deciding keeps the queue button focusable and blocks duplicate submissions
AssertionError: expected true to be false // Object.is equality

- Expected
+ Received

- false
+ true

 ❯ src/renderer/src/launch/ObligationActs.test.tsx:116:27
    114|    allow.focus()
    115|    fireEvent.click(allow)
    116|    expect(allow.disabled).toBe(false)
       |                           ^
    117|    expect(allow.getAttribute('aria-disabled')).toBe('true')
    118|    expect(document.activeElement).toBe(allow)

⎯⎯⎯⎯⎯⎯⎯⎯⎯⎯⎯⎯⎯⎯⎯⎯⎯⎯⎯⎯⎯⎯⎯⎯[2/2]⎯


 Test Files  2 failed (2)
      Tests  2 failed | 32 skipped (34)
   Start at  11:21:21
   Duration  37.71s (transform 8.54s, setup 2.73s, import 10.37s, tests 20.17s, environment 23.53s)

undefined
<worktree>/apps/desktop:
[ERR_PNPM_RECURSIVE_EXEC_FIRST_FAIL] Command failed with exit code 1: vitest run src/renderer/src/AgentAccessPanel.test.tsx src/renderer/src/launch/ObligationActs.test.tsx -t 'V2 UX'
